src/data/curriculum/index.ts(22,3): error TS2322: Type '{ grade: number; subjects: { math: { name: string; topics: ({ id: string; name: string; description: string; examples: string[]; range?: undefined; } | { id: string; name: string; description: string; examples: string[]; range: { ...; }; } | { ...; })[]; }; korean: { ...; }; }; aiPromptGuidelines: string; }' is not assignable to type '{ grade: number; subjects: { math: { name: string; topics: ({ id: string; name: string; description: string; examples: string[]; range?: undefined; } | { id: string; name: string; description: string; examples: string[]; range: { ...; }; })[]; }; korean: { ...; }; }; aiPromptGuidelines: string; }'.
  The types of 'subjects.math.topics' are incompatible between these types.
    Type '({ id: string; name: string; description: string; examples: string[]; range?: undefined; } | { id: string; name: string; description: string; examples: string[]; range: { min: number; max: number; operations: string[]; multiplier?: undefined; }; } | { ...; })[]' is not assignable to type '({ id: string; name: string; description: string; examples: string[]; range?: undefined; } | { id: string; name: string; description: string; examples: string[]; range: { min: number; max: number; operations: string[]; }; })[]'.
      Type '{ id: string; name: string; description: string; examples: string[]; range?: undefined; } | { id: string; name: string; description: string; examples: string[]; range: { min: number; max: number; operations: string[]; multiplier?: undefined; }; } | { ...; }' is not assignable to type '{ id: string; name: string; description: string; examples: string[]; range?: undefined; } | { id: string; name: string; description: string; examples: string[]; range: { min: number; max: number; operations: string[]; }; }'.
        Type '{ id: string; name: string; description: string; examples: string[]; range: { min: number; max: number; multiplier: { min: number; max: number; }; operations?: undefined; }; }' is not assignable to type '{ id: string; name: string; description: string; examples: string[]; range?: undefined; } | { id: string; name: string; description: string; examples: string[]; range: { min: number; max: number; operations: string[]; }; }'.
          Type '{ id: string; name: string; description: string; examples: string[]; range: { min: number; max: number; multiplier: { min: number; max: number; }; operations?: undefined; }; }' is not assignable to type '{ id: string; name: string; description: string; examples: string[]; range: { min: number; max: number; operations: string[]; }; }'.
            The types of 'range.operations' are incompatible between these types.
              Type 'undefined' is not assignable to type 'string[]'.
src/data/curriculum/index.ts(23,3): error TS2322: Type '{ grade: number; subjects: { math: { name: string; topics: ({ id: string; name: string; description: string; examples: string[]; range: { type: string; precision: number; }; } | { id: string; name: string; description: string; examples: string[]; range?: undefined; })[]; }; korean: { ...; }; }; aiPromptGuidelines: s...' is not assignable to type '{ grade: number; subjects: { math: { name: string; topics: ({ id: string; name: string; description: string; examples: string[]; range?: undefined; } | { id: string; name: string; description: string; examples: string[]; range: { ...; }; })[]; }; korean: { ...; }; }; aiPromptGuidelines: string; }'.
  The types of 'subjects.math.topics' are incompatible between these types.
    Type '({ id: string; name: string; description: string; examples: string[]; range: { type: string; precision: number; }; } | { id: string; name: string; description: string; examples: string[]; range?: undefined; })[]' is not assignable to type '({ id: string; name: string; description: string; examples: string[]; range?: undefined; } | { id: string; name: string; description: string; examples: string[]; range: { min: number; max: number; operations: string[]; }; })[]'.
      Type '{ id: string; name: string; description: string; examples: string[]; range: { type: string; precision: number; }; } | { id: string; name: string; description: string; examples: string[]; range?: undefined; }' is not assignable to type '{ id: string; name: string; description: string; examples: string[]; range?: undefined; } | { id: string; name: string; description: string; examples: string[]; range: { min: number; max: number; operations: string[]; }; }'.
        Type '{ id: string; name: string; description: string; examples: string[]; range: { type: string; precision: number; }; }' is not assignable to type '{ id: string; name: string; description: string; examples: string[]; range?: undefined; } | { id: string; name: string; description: string; examples: string[]; range: { min: number; max: number; operations: string[]; }; }'.
          Type '{ id: string; name: string; description: string; examples: string[]; range: { type: string; precision: number; }; }' is not assignable to type '{ id: string; name: string; description: string; examples: string[]; range: { min: number; max: number; operations: string[]; }; }'.
            Types of property 'range' are incompatible.
              Type '{ type: string; precision: number; }' is missing the following properties from type '{ min: number; max: number; operations: string[]; }': min, max, operations
src/stores/quizStore.ts(95,11): error TS2322: Type 'string' is not assignable to type 'number'.
